[www.vulcantunes.com/index.html]
[backblue.gif]
[fade.gif]
[index.html]
[code.jquery.com/jquery-3.6.1.min.js]
[www.vulcantunes.com/shop/includes/templates/responsive_classic/jscript/jscript_matchHeight-min.js]
[cdnjs.cloudflare.com/ajax/libs/font-awesome/4.7.0/css/font-awesome.min.css]
[www.vulcantunes.com/shop/index8bbc.php]
[www.vulcantunes.com/shop/index72b1.html]
[www.vulcantunes.com/shop/includes/templates/responsive_classic/images/logo.png]
[www.vulcantunes.com/shop/index966b.html]
[www.vulcantunes.com/shop/index7f9a.html]
[www.vulcantunes.com/shop/index0126.html]
[www.vulcantunes.com/shop/index7a05.html]
[www.vulcantunes.com/shop/index17e5.html]
[www.vulcantunes.com/shop/index91f7.html]
[www.vulcantunes.com/shop/images/products/vtooth.png]
[www.vulcantunes.com/shop/includes/templates/responsive_classic/images/stars_5.png]
[www.vulcantunes.com/shop/indexd81d.html]
[www.vulcantunes.com/shop/index4ba4.html]
[www.vulcantunes.com/shop/indexd9e7.html]
[www.vulcantunes.com/shop/indexae18.html]
[www.vulcantunes.com/shop/indexfc01.html]
[www.vulcantunes.com/shop/index1450.html]
[www.vulcantunes.com/shop/indexc3a6.php]
[www.vulcantunes.com/shop/indexfe92.php]
[www.vulcantunes.com/shop/indexa675.html]
[www.vulcantunes.com/shop/indexe64f.html]
[www.vulcantunes.com/shop/index5d95.html]
[www.vulcantunes.com/shop/index2b00.html]
[www.vulcantunes.com/shop/indexab1e.html]
[www.vulcantunes.com/shop/indexffb6.html]
[www.vulcantunes.com/shop/indexd71e.html]
[www.vulcantunes.com/shop/index0ab6.html]
[www.vulcantunes.com/shop/images/products/vtaux_front.jpg]
[www.vulcantunes.com/shop/index022d.html]
[www.vulcantunes.com/shop/images/products/cable.jpg]
[www.vulcantunes.com/shop/indexdaf7.html]
[www.vulcantunes.com/shop/images/products/vtaux_charge_.jpg]
[www.vulcantunes.com/shop/index7c60.html]
[www.vulcantunes.com/shop/indexc0c2.html]
[www.vulcantunes.com/shop/images/products/VulcanTunes_headphone_out_01.jpg]
[www.vulcantunes.com/shop/indexb97e.html]
[www.vulcantunes.com/shop/indexa8ef.html]
[www.vulcantunes.com/shop/images/products/vtaux_rear.jpg]
[www.vulcantunes.com/shop/index7b7a.html]
[www.vulcantunes.com/shop/images/products/VTAUX_BT.png]
[www.vulcantunes.com/shop/indexdfe0.html]
[www.vulcantunes.com/shop/indexd606.html]
[www.vulcantunes.com/shop/index3fc9.html]
[www.vulcantunes.com/shop/index2e27.html]
[www.vulcantunes.com/shop/index015b.html]
[www.vulcantunes.com/shop/index8d6c.html]
[www.vulcantunes.com/shop/indexcc59.html]
[www.vulcantunes.com/index.html]
[www.vulcantunes.com/shop/indexec0c.html]
[www.vulcantunes.com/shop/index.html]
[www.vulcantunes.com/shop/includes/templates/responsive_classic/css/stylesheet.css]
[www.vulcantunes.com/shop/includes/templates/responsive_classic/css/stylesheet_colors.css]
[www.vulcantunes.com/shop/includes/templates/responsive_classic/css/stylesheet_css_buttons.css]
[www.vulcantunes.com/shop/includes/templates/responsive_classic/css/print_stylesheet.css]
[www.vulcantunes.com/shop/includes/templates/responsive_classic/css/responsive.css]
[www.vulcantunes.com/shop/includes/templates/responsive_classic/css/responsive_default.css]
[cdnjs.cloudflare.com/ajax/libs/font-awesome/4.7.0/css/font-awesome.min.css]
[www.vulcantunes.com/shop/index5a42.html]
[www.vulcantunes.com/shop/index.5bc3a6.delayed]
[www.vulcantunes.com/shop/indexfe92.php]
[www.vulcantunes.com/shop/index72b1.html]
[www.vulcantunes.com/shop/indexfe92.php]
[www.vulcantunes.com/shop/index966b.html]
[www.vulcantunes.com/shop/indexfe92.php]
[www.vulcantunes.com/shop/indexdce2.html]
[www.vulcantunes.com/shop/index05ec.html]
[www.vulcantunes.com/shop/includes/templates/template_default/buttons/english/button_sold_out.png]
[www.vulcantunes.com/shop/index7f9a.html]
[www.vulcantunes.com/lists/index8cb2.html]
[www.vulcantunes.com/shop/index.67fe92.delayed]
[www.vulcantunes.com/shop/index0126.html]
[www.vulcantunes.com/shop/index7a05.html]
[www.vulcantunes.com/shop/indexe888.html]
[www.vulcantunes.com/shop/index17e5.html]
[www.vulcantunes.com/shop/indexeca1.html]
[www.vulcantunes.com/shop/index1268.php]
[www.vulcantunes.com/shop/index8f87.html]
[www.vulcantunes.com/shop/indexb1ce.html]
[www.vulcantunes.com/shop/index24c9.php]
[www.vulcantunes.com/shop/indexe509.php]
[www.vulcantunes.com/shop/index4942.html]
[www.vulcantunes.com/shop/index.7df13e.delayed]
[www.vulcantunes.com/shop/includes/templates/template_default/images/box_products_notifications.gif]
[www.vulcantunes.com/shop/index91f7.html]
[www.vulcantunes.com/shop/indexd81d.html]
[www.vulcantunes.com/shop/images/no_picture.gif]
[www.vulcantunes.com/shop/index4ba4.html]
[www.vulcantunes.com/shop/indexd9e7.html]
[www.vulcantunes.com/shop/indexae18.html]
[www.vulcantunes.com/shop/indexfc01.html]
[www.vulcantunes.com/shop/includes/modules/pages/contact_us/jscript_main.js]
[www.recaptcha.net/recaptcha/apifef7.js]
[www.vulcantunes.com/shop/index1450.html]
[www.vulcantunes.com/shop/index6673.html]
[www.vulcantunes.com/shop/indexc0a3.html]
[www.vulcantunes.com/shop/index386d.html]
[www.vulcantunes.com/shop/index0187.html]
[www.vulcantunes.com/shop/indexa675.html]
[www.vulcantunes.com/shop/index66d6.html]
[www.vulcantunes.com/shop/index5bea.html]
[www.vulcantunes.com/shop/index704f.html]
[www.vulcantunes.com/shop/index96a9.html]
[www.vulcantunes.com/shop/index6016.html]
[www.vulcantunes.com/shop/indexe64f.html]
[www.vulcantunes.com/shop/index5d95.html]
[www.vulcantunes.com/shop/indexc7b3.html]
[www.vulcantunes.com/shop/index.aabf7c.delayed]
[www.vulcantunes.com/shop/index2b00.html]
[www.vulcantunes.com/shop/includes/templates/responsive_classic/jscript/jquery.mmenu.min.all.js]
[www.vulcantunes.com/shop/includes/templates/responsive_classic/jscript/jquery.mmenu.fixedelements.min.js]
[www.vulcantunes.com/shop/indexab1e.html]
[www.vulcantunes.com/shop/indexffb6.html]
[www.vulcantunes.com/shop/indexd71e.html]
[www.vulcantunes.com/shop/includes/modules/pages/product_info/jscript_textarea_counter.js]
[www.vulcantunes.com/shop/indexf56a.html]
[www.vulcantunes.com/shop/images/medium/products/vtaux_front_MED.jpg]
[www.vulcantunes.com/shop/index96f4.html]
[www.vulcantunes.com/shop/index3851.html]
[www.vulcantunes.com/shop/images/products/vtaux_front_01.jpg]
[www.vulcantunes.com/shop/indexe3be.html]
[www.vulcantunes.com/shop/index1121.html]
[www.vulcantunes.com/shop/images/products/vtaux_front_02.jpg]
[www.vulcantunes.com/shop/indexa9ef.html]
[www.vulcantunes.com/shop/indexd2c3.html]
[www.vulcantunes.com/shop/images/products/vtaux_front_03.jpg]
[www.vulcantunes.com/shop/index004f.html]
[www.vulcantunes.com/shop/index1b6d.html]
[www.vulcantunes.com/shop/indexe509.php]
[www.vulcantunes.com/shop/index80a1.php]
[www.vulcantunes.com/shop/index0ab6.html]
[www.vulcantunes.com/shop/index87e6.php]
[www.vulcantunes.com/shop/includes/templates/template_default/images/box_write_review.gif]
[www.vulcantunes.com/shop/index2661.html]
[www.vulcantunes.com/shop/images/medium/products/cable_MED.jpg]
[www.vulcantunes.com/shop/index08e2.html]
[www.vulcantunes.com/shop/indexedcb.html]
[www.vulcantunes.com/shop/images/products/cable_01.jpg]
[www.vulcantunes.com/shop/index7b37.html]
[www.vulcantunes.com/shop/indexbf11.html]
[www.vulcantunes.com/shop/images/products/cable_02.jpg]
[www.vulcantunes.com/shop/indexde61.html]
[www.vulcantunes.com/shop/index87d9.html]
[www.vulcantunes.com/shop/images/products/cable_03.jpg]
[www.vulcantunes.com/shop/indexf3aa.html]
[www.vulcantunes.com/shop/index8ec7.html]
[www.vulcantunes.com/shop/images/products/cable_04.jpg]
[www.vulcantunes.com/shop/index0714.html]
[www.vulcantunes.com/shop/index3fd3.html]
[www.vulcantunes.com/shop/images/products/cable_05.jpg]
[www.vulcantunes.com/shop/indexfda3.html]
[www.vulcantunes.com/shop/index6dfb.php]
[www.vulcantunes.com/shop/indexe509.php]
[www.vulcantunes.com/shop/indexf8ce.php]
[www.vulcantunes.com/shop/index022d.html]
[www.vulcantunes.com/shop/index4e4f.php]
[www.vulcantunes.com/shop/index7b4b.html]
[www.vulcantunes.com/shop/index7245.html]
[www.vulcantunes.com/shop/indexddd6.php]
[www.vulcantunes.com/shop/indexe509.php]
[www.vulcantunes.com/shop/index6fb0.php]
[www.vulcantunes.com/shop/indexdaf7.html]
[www.vulcantunes.com/shop/index4622.php]
[www.vulcantunes.com/shop/indexec43.html]
[www.vulcantunes.com/shop/index8b59.html]
[www.vulcantunes.com/shop/index6621.html]
[www.vulcantunes.com/shop/index5dfc.html]
[www.vulcantunes.com/shop/index29b5.html]
[www.vulcantunes.com/shop/index296b.html]
[www.vulcantunes.com/shop/index618c.html]
[www.vulcantunes.com/shop/index9922.html]
[www.vulcantunes.com/shop/index20af.html]
[www.vulcantunes.com/shop/index4a06.html]
[www.vulcantunes.com/shop/index92d3.html]
[www.vulcantunes.com/shop/indexbbcd.html]
[www.vulcantunes.com/shop/indexabd1.php]
[www.vulcantunes.com/shop/indexe509.php]
[www.vulcantunes.com/shop/indexaac6.php]
[www.vulcantunes.com/shop/index7c60.html]
[www.vulcantunes.com/shop/indexb2fb.php]
[www.vulcantunes.com/shop/indexebfb.html]
[www.vulcantunes.com/shop/indexf460.html]
[www.vulcantunes.com/shop/indexa273.php]
[www.vulcantunes.com/shop/indexe509.php]
[www.vulcantunes.com/shop/indexc59b.php]
[www.vulcantunes.com/shop/indexc0c2.html]
[www.vulcantunes.com/shop/index7b34.html]
[www.vulcantunes.com/shop/index9370.html]
[www.vulcantunes.com/shop/images/products/vtooth_02.png]
[www.vulcantunes.com/shop/index49b7.html]
[www.vulcantunes.com/shop/indexd1dd.html]
[www.vulcantunes.com/shop/indexe509.php]
[www.vulcantunes.com/shop/index60b2.php]
[www.vulcantunes.com/shop/indexb97e.html]
[www.vulcantunes.com/shop/index09eb.php]
[www.vulcantunes.com/shop/index5171.html]
[www.vulcantunes.com/shop/indexbad6.html]
[www.vulcantunes.com/shop/index962f.html]
[www.vulcantunes.com/shop/images/products/vtaux_rear_01.jpg]
[www.vulcantunes.com/shop/index96fe.html]
[www.vulcantunes.com/shop/index3c08.php]
[www.vulcantunes.com/shop/indexe509.php]
[www.vulcantunes.com/shop/indexef20.php]
[www.vulcantunes.com/shop/indexa8ef.html]
[www.vulcantunes.com/shop/index3149.php]
[www.vulcantunes.com/shop/index919c.html]
[www.vulcantunes.com/shop/indexa89c.html]
[www.vulcantunes.com/shop/indexd35c.php]
[www.vulcantunes.com/shop/indexe509.php]
[www.vulcantunes.com/shop/index97d1.php]
[www.vulcantunes.com/shop/index7b7a.html]
[www.vulcantunes.com/shop/includes/general.js]
[www.vulcantunes.com/shop/index7e7d.html]
[www.vulcantunes.com/shop/indexdfe0.html]
[www.vulcantunes.com/shop/indexe509.php]
[www.vulcantunes.com/shop/index2723.php]
[www.vulcantunes.com/shop/indexd606.html]
[www.vulcantunes.com/shop/index3149.php]
[www.vulcantunes.com/shop/indexcc25.php]
[www.vulcantunes.com/shop/indexe509.php]
[www.vulcantunes.com/shop/index92a7.php]
[www.vulcantunes.com/shop/index3fc9.html]
[www.vulcantunes.com/shop/index4e4f.php]
[www.vulcantunes.com/shop/index3ccc.php]
[www.vulcantunes.com/shop/indexe509.php]
[www.vulcantunes.com/shop/index13d4.php]
[www.vulcantunes.com/shop/index2e27.html]
[www.vulcantunes.com/shop/index4622.php]
[www.vulcantunes.com/shop/index.17ce509.delayed]
[www.vulcantunes.com/shop/index77b5.php]
[www.vulcantunes.com/shop/index015b.html]
[www.vulcantunes.com/shop/index87e6.php]
[www.vulcantunes.com/shop/index831e.php]
[www.vulcantunes.com/shop/indexb11d.php]
[www.vulcantunes.com/shop/index8d6c.html]
[www.vulcantunes.com/shop/index09eb.php]
[www.vulcantunes.com/shop/index7173.php]
[www.vulcantunes.com/shop/indexd02b.php]
[www.vulcantunes.com/shop/indexcc59.html]
[www.vulcantunes.com/shop/indexec0c.html]
[www.vulcantunes.com/shop/index8536.php]
[www.vulcantunes.com/shop/indexba64.html]
[www.vulcantunes.com/shop/index24bc.php]
[www.vulcantunes.com/shop/index9e2f.php]
[www.vulcantunes.com/shop/index5a42.html]
[www.vulcantunes.com/shop/indexdce2.html]
[www.vulcantunes.com/shop/index1946.html]
[www.vulcantunes.com/shop/index05ec.html]
[www.vulcantunes.com/shop/index7b8c.html]
[www.vulcantunes.com/lists/images/phplist.ico]
[www.vulcantunes.com/lists/images/phplist-touch-icon.png]
[www.vulcantunes.com/lists/index7eea.html]
[d3u7tsw7cvar0t.cloudfront.net/images/dev/power-phplist.png]
[www.vulcantunes.com/lists/index8cb2.html]
[www.vulcantunes.com/shop/index24c9.php]
[www.vulcantunes.com/shop/index6020.php]
[www.vulcantunes.com/shop/indexe888.html]
[www.vulcantunes.com/shop/index38c9.php]
[www.vulcantunes.com/shop/indexeca1.html]
[www.vulcantunes.com/shop/index24c9.php]
[www.vulcantunes.com/shop/index7a0e.php]
[www.vulcantunes.com/shop/index8f87.html]
[www.vulcantunes.com/shop/images/large/products/vtooth_LRG.png]
[www.vulcantunes.com/shop/indexb1ce.html]
[www.vulcantunes.com/shop/indexe8a5.html]
[www.vulcantunes.com/shop/index4942.html]
[www.vulcantunes.com/shop/indexc0a3.html]
[www.vulcantunes.com/shop/index6673.html]
[www.vulcantunes.com/shop/index386d.html]
[www.vulcantunes.com/shop/index0187.html]
[www.vulcantunes.com/shop/index66d6.html]
[www.vulcantunes.com/shop/index5bea.html]
[www.vulcantunes.com/shop/index704f.html]
[www.vulcantunes.com/shop/index96a9.html]
[www.vulcantunes.com/shop/index6016.html]
[www.vulcantunes.com/shop/indexc7b3.html]
[www.vulcantunes.com/shop/includes/templates/responsive_classic/css/responsive_tablet.css]
[www.vulcantunes.com/shop/includes/templates/responsive_classic/css/jquery.mmenu.all.css]
[www.vulcantunes.com/shop/includes/templates/responsive_classic/css/responsive_mobile.css]
[www.vulcantunes.com/shop/images/large/products/vtaux_front_LRG.jpg]
[www.vulcantunes.com/shop/indexf56a.html]
[www.vulcantunes.com/shop/index3c24.html]
[www.vulcantunes.com/shop/images/large/products/vtaux_front_01_LRG.jpg]
[www.vulcantunes.com/shop/index96f4.html]
[www.vulcantunes.com/shop/index3851.html]
[www.vulcantunes.com/shop/indexc17d.html]
[www.vulcantunes.com/shop/images/large/products/vtaux_front_02_LRG.jpg]
[www.vulcantunes.com/shop/indexe3be.html]
[www.vulcantunes.com/shop/index1121.html]
[www.vulcantunes.com/shop/index63b2.html]
[www.vulcantunes.com/shop/images/large/products/vtaux_front_03_LRG.jpg]
[www.vulcantunes.com/shop/indexa9ef.html]
[www.vulcantunes.com/shop/indexd2c3.html]
[www.vulcantunes.com/shop/index004f.html]
[www.vulcantunes.com/shop/index6ba1.php]
[www.vulcantunes.com/shop/indexd5b4.php]
[www.vulcantunes.com/shop/index1b6d.html]
[www.vulcantunes.com/shop/images/large/products/cable_LRG.jpg]
[www.vulcantunes.com/shop/index2661.html]
[www.vulcantunes.com/shop/index4216.html]
[www.vulcantunes.com/shop/images/large/products/cable_01_LRG.jpg]
[www.vulcantunes.com/shop/index08e2.html]
[www.vulcantunes.com/shop/indexedcb.html]
[www.vulcantunes.com/shop/index9d3c.html]
[www.vulcantunes.com/shop/images/large/products/cable_02_LRG.jpg]
[www.vulcantunes.com/shop/index7b37.html]
[www.vulcantunes.com/shop/indexbf11.html]
[www.vulcantunes.com/shop/index1108.html]
[www.vulcantunes.com/shop/images/large/products/cable_03_LRG.jpg]
[www.vulcantunes.com/shop/indexde61.html]
[www.vulcantunes.com/shop/index87d9.html]
[www.vulcantunes.com/shop/indexaac1.html]
[www.vulcantunes.com/shop/images/large/products/cable_04_LRG.jpg]
[www.vulcantunes.com/shop/indexf3aa.html]
[www.vulcantunes.com/shop/index8ec7.html]
[www.vulcantunes.com/shop/indexaf18.html]
[www.vulcantunes.com/shop/images/large/products/cable_05_LRG.jpg]
[www.vulcantunes.com/shop/index0714.html]
[www.vulcantunes.com/shop/index3fd3.html]
[www.vulcantunes.com/shop/indexfda3.html]
[www.vulcantunes.com/shop/index7b4b.html]
[www.vulcantunes.com/shop/index7245.html]
[www.vulcantunes.com/shop/indexec43.html]
[www.vulcantunes.com/shop/index0d9a.html]
[www.vulcantunes.com/shop/index8b59.html]
[www.vulcantunes.com/shop/index6621.html]
[www.vulcantunes.com/shop/indexc4a7.html]
[www.vulcantunes.com/shop/index5dfc.html]
[www.vulcantunes.com/shop/index29b5.html]
[www.vulcantunes.com/shop/index296b.html]
[www.vulcantunes.com/shop/index618c.html]
[www.vulcantunes.com/shop/index5cdd.html]
[www.vulcantunes.com/shop/index9922.html]
[www.vulcantunes.com/shop/index20af.html]
[www.vulcantunes.com/shop/indexd3ec.html]
[www.vulcantunes.com/shop/index2596.html]
[www.vulcantunes.com/shop/index4a06.html]
[www.vulcantunes.com/shop/index92d3.html]
[www.vulcantunes.com/shop/indexbbcd.html]
[www.vulcantunes.com/shop/indexebfb.html]
[www.vulcantunes.com/shop/indexf460.html]
[www.vulcantunes.com/shop/index7ab1.html]
[www.vulcantunes.com/shop/images/large/products/vtooth_02_LRG.png]
[www.vulcantunes.com/shop/index7b34.html]
[www.vulcantunes.com/shop/index9370.html]
[www.vulcantunes.com/shop/index49b7.html]
[www.vulcantunes.com/shop/indexaef4.php]
[www.vulcantunes.com/shop/indexe0fd.php]
[www.vulcantunes.com/shop/indexd1dd.html]
[www.vulcantunes.com/shop/images/large/products/vtaux_rear_LRG.jpg]
[www.vulcantunes.com/shop/index5171.html]
[www.vulcantunes.com/shop/index7c75.html]
[www.vulcantunes.com/shop/images/large/products/vtaux_rear_01_LRG.jpg]
[www.vulcantunes.com/shop/indexbad6.html]
[www.vulcantunes.com/shop/index962f.html]
[www.vulcantunes.com/shop/index96fe.html]
[www.vulcantunes.com/shop/index919c.html]
[www.vulcantunes.com/shop/indexa89c.html]
[www.vulcantunes.com/shop/index7e7d.html]
[www.vulcantunes.com/shop/indexaab6.php]
[www.vulcantunes.com/shop/indexf5b6.php]
[www.vulcantunes.com/shop/index6a16.php]
[www.vulcantunes.com/shop/index24bc.php]
[www.vulcantunes.com/shop/index4cc6.php]
[www.vulcantunes.com/shop/indexba64.html]
[www.vulcantunes.com/shop/index1946.html]
[www.vulcantunes.com/shop/index7b8c.html]
[www.vulcantunes.com/lists/images/info-icon.png]
[www.vulcantunes.com/lists/styles/subscribe.css]
[www.vulcantunes.com/lists/images/page_bk_nomenu.png]
[www.vulcantunes.com/lists/styles/color.css]
[www.vulcantunes.com/lists/index7eea.html]
[www.vulcantunes.com/shop/includes/templates/responsive_classic/css/popup_image.css]
[www.vulcantunes.com/shop/indexe8a5.html]
[www.vulcantunes.com/shop/index3c24.html]
[www.vulcantunes.com/shop/includes/templates/responsive_classic/css/popup_image_additional.css]
[www.vulcantunes.com/shop/indexc17d.html]
[www.vulcantunes.com/shop/index63b2.html]
[www.vulcantunes.com/shop/index4216.html]
[www.vulcantunes.com/shop/index9d3c.html]
[www.vulcantunes.com/shop/index1108.html]
[www.vulcantunes.com/shop/index7171.html]
[www.vulcantunes.com/shop/indexaac1.html]
[www.vulcantunes.com/shop/indexaf18.html]
[www.vulcantunes.com/shop/index0d9a.html]
[www.vulcantunes.com/shop/indexc4a7.html]
[www.vulcantunes.com/shop/index5cdd.html]
[www.vulcantunes.com/shop/indexd3ec.html]
[www.vulcantunes.com/shop/index2596.html]
[www.vulcantunes.com/shop/index7ab1.html]
[www.vulcantunes.com/shop/index7c75.html]
[www.vulcantunes.com/shop/includes/templates/responsive_classic/css/popup_search_help.css]
[www.vulcantunes.com/shop/indexb186.php]
[www.vulcantunes.com/shop/indexb186.php]
[www.vulcantunes.com/shop/index969c.php]
[www.vulcantunes.com/shop/indexf5b6.html]
[www.vulcantunes.com/shop/index7171.html]
[www.vulcantunes.com/shop/indexcf1b.php]
[www.vulcantunes.com/shop/indexcf1b.php]
[www.vulcantunes.com/shop/index6486.php]
