[www.southcliffinnsj.com/index.html]
[backblue.gif]
[fade.gif]
[index.html]
[www.southcliffinnsj.com/topfull.gif]
[www.southcliffinnsj.com/linksarea.gif]
[www.southcliffinnsj.com/blank.gif]
[www.southcliffinnsj.com/bedandbreakfast6.jpg]
[www.southcliffinnsj.com/bedandbreakfast.jpg]
[www.southcliffinnsj.com/bedandbreakfast1.jpg]
[www.southcliffinnsj.com/bedandbreakfast2.jpg]
[www.southcliffinnsj.com/bedandbreakfast3.jpg]
[www.southcliffinnsj.com/bedandbreakfast4.jpg]
[www.southcliffinnsj.com/bottomfull.gif]
[www.southcliffinnsj.com/reservations.gif]
[www.southcliffinnsj.com/phone.gif]
[www.southcliffinnsj.com/bedandbreakfast7.jpg]
[www.southcliffinnsj.com/bedandbreakfast5.jpg]
[www.southcliffinnsj.com/themorning.html]
[www.southcliffinnsj.com/themanor.html]
[www.southcliffinnsj.com/thegable.html]
[www.southcliffinnsj.com/theharbour.html]
[www.southcliffinnsj.com/theadmiralsuite.html]
[www.southcliffinnsj.com/thesunset.html]
[www.southcliffinnsj.com/thestudy.html]
[www.southcliffinnsj.com/index-2.html]
[www.southcliffinnsj.com/about.html]
[www.southcliffinnsj.com/reservations.html]
[www.southcliffinnsj.com/location.html]
[www.southcliffinnsj.com/attractions.html]
[www.southcliffinnsj.com/contact.html]
[www.southcliffinnsj.com/facebook.gif]
[www.southcliffinnsj.com/instagram.gif]
[www.southcliffinnsj.com/index.html]
[www.southcliffinnsj.com/themorning.jpg]
[www.southcliffinnsj.com/themorning1.jpg]
[www.southcliffinnsj.com/themorning2.jpg]
[www.southcliffinnsj.com/themorning3.jpg]
[www.southcliffinnsj.com/themorning.html]
[www.southcliffinnsj.com/themanor.jpg]
[www.southcliffinnsj.com/themanor1.jpg]
[www.southcliffinnsj.com/themanor2.jpg]
[www.southcliffinnsj.com/themanor3.jpg]
[www.southcliffinnsj.com/themanor.html]
[www.southcliffinnsj.com/thegable.jpg]
[www.southcliffinnsj.com/thegable1.jpg]
[www.southcliffinnsj.com/thegable2.jpg]
[www.southcliffinnsj.com/thegable3.jpg]
[www.southcliffinnsj.com/thegable.html]
[www.southcliffinnsj.com/theharbour.jpg]
[www.southcliffinnsj.com/theharbour1.jpg]
[www.southcliffinnsj.com/theharbour2.jpg]
[www.southcliffinnsj.com/theharbour3.jpg]
[www.southcliffinnsj.com/theharbour.html]
[www.southcliffinnsj.com/theadmiralsuite.jpg]
[www.southcliffinnsj.com/theadmiralsuite1.jpg]
[www.southcliffinnsj.com/theadmiralsuite2.jpg]
[www.southcliffinnsj.com/theadmiralsuite3.jpg]
[www.southcliffinnsj.com/theadmiralsuite4.jpg]
[www.southcliffinnsj.com/theadmiralsuite.html]
[www.southcliffinnsj.com/thesunset.jpg]
[www.southcliffinnsj.com/thesunset1.jpg]
[www.southcliffinnsj.com/thesunset2.jpg]
[www.southcliffinnsj.com/thesunset3.jpg]
[www.southcliffinnsj.com/thesunset4.jpg]
[www.southcliffinnsj.com/thesunset.html]
[www.southcliffinnsj.com/thestudy.jpg]
[www.southcliffinnsj.com/thestudy1.jpg]
[www.southcliffinnsj.com/thestudy2.jpg]
[www.southcliffinnsj.com/thestudy3.jpg]
[www.southcliffinnsj.com/thestudy.html]
[www.southcliffinnsj.com/index-2.html]
[www.southcliffinnsj.com/southcliffinn.jpg]
[www.southcliffinnsj.com/breakfast - frying rice shows ingredients.jpg]
[www.southcliffinnsj.com/breakfast - wide shot today is a good day sign hero.jpg]
[www.southcliffinnsj.com/breakfast - cinnamon cake forefront.jpg]
[www.southcliffinnsj.com/margarita shot being poured - best shot.jpg]
[www.southcliffinnsj.com/the dominican shot 2.jpg]
[www.southcliffinnsj.com/happy birthday with cakeballs.jpg]
[www.southcliffinnsj.com/wine and cheese in dining room frongt on shot.jpg]
[www.southcliffinnsj.com/eat plate shot overhead.jpg]
[www.southcliffinnsj.com/about.html]
[www.southcliffinnsj.com/onlinereservations.gif]
[www.southcliffinnsj.com/dining room wide shot.jpg]
[www.southcliffinnsj.com/happy anniversary with cake balls.jpg]
[www.southcliffinnsj.com/bedandbreakfastlakemichigan.jpg]
[www.southcliffinnsj.com/reservations.html]
[www.southcliffinnsj.com/location.html]
[www.southcliffinnsj.com/localattractions.jpg]
[www.southcliffinnsj.com/localattractions1.jpg]
[www.southcliffinnsj.com/localattractions2.jpg]
[www.southcliffinnsj.com/localattractions3.jpg]
[www.southcliffinnsj.com/attractions.html]
[www.southcliffinnsj.com/contact.html]
